###############################################################################
#
# IAR ELF Linker V9.20.4.327/W64 for ARM                  21/Nov/2022  15:35:06
# Copyright 2007-2022 IAR Systems AB.
#
#    Output file  =
#        C:\Users\cstaeger\Repos\MES\PilotWeatherStation\EWARM\PilotWeatherStation\Exe\PilotWeatherStation.out
#    Map file     =
#        C:\Users\cstaeger\Repos\MES\PilotWeatherStation\EWARM\PilotWeatherStation\List\PilotWeatherStation.map
#    Command line =
#        -f
#        C:\Users\cstaeger\Repos\MES\PilotWeatherStation\EWARM\PilotWeatherStation\Exe\PilotWeatherStation.out.rsp
#        (C:\Users\cstaeger\Repos\MES\PilotWeatherStation\EWARM\PilotWeatherStation\Obj\Application\User\Core\console.o
#        C:\Users\cstaeger\Repos\MES\PilotWeatherStation\EWARM\PilotWeatherStation\Obj\Application\User\Core\consoleCommands.o
#        C:\Users\cstaeger\Repos\MES\PilotWeatherStation\EWARM\PilotWeatherStation\Obj\Application\User\Core\consoleIo.o
#        C:\Users\cstaeger\Repos\MES\PilotWeatherStation\EWARM\PilotWeatherStation\Obj\Application\User\Core\dfsdm.o
#        C:\Users\cstaeger\Repos\MES\PilotWeatherStation\EWARM\PilotWeatherStation\Obj\Drivers\es_wifi.o
#        C:\Users\cstaeger\Repos\MES\PilotWeatherStation\EWARM\PilotWeatherStation\Obj\Drivers\es_wifi_io.o
#        C:\Users\cstaeger\Repos\MES\PilotWeatherStation\EWARM\PilotWeatherStation\Obj\Application\User\Core\forecast_algo.o
#        C:\Users\cstaeger\Repos\MES\PilotWeatherStation\EWARM\PilotWeatherStation\Obj\Application\User\Core\gpio.o
#        C:\Users\cstaeger\Repos\MES\PilotWeatherStation\EWARM\PilotWeatherStation\Obj\Application\User\Core\hts221_driver.o
#        C:\Users\cstaeger\Repos\MES\PilotWeatherStation\EWARM\PilotWeatherStation\Obj\Application\User\Core\i2c.o
#        C:\Users\cstaeger\Repos\MES\PilotWeatherStation\EWARM\PilotWeatherStation\Obj\Application\User\Core\lps22_driver.o
#        C:\Users\cstaeger\Repos\MES\PilotWeatherStation\EWARM\PilotWeatherStation\Obj\Application\User\Core\main.o
#        C:\Users\cstaeger\Repos\MES\PilotWeatherStation\EWARM\PilotWeatherStation\Obj\Application\User\Core\quadspi.o
#        C:\Users\cstaeger\Repos\MES\PilotWeatherStation\EWARM\PilotWeatherStation\Obj\Application\User\Core\spi.o
#        C:\Users\cstaeger\Repos\MES\PilotWeatherStation\EWARM\PilotWeatherStation\Obj\Application\EWARM\startup_stm32l475xx.o
#        C:\Users\cstaeger\Repos\MES\PilotWeatherStation\EWARM\PilotWeatherStation\Obj\Drivers\STM32L4xx_HAL_Driver\stm32l4xx_hal.o
#        C:\Users\cstaeger\Repos\MES\PilotWeatherStation\EWARM\PilotWeatherStation\Obj\Drivers\STM32L4xx_HAL_Driver\stm32l4xx_hal_cortex.o
#        C:\Users\cstaeger\Repos\MES\PilotWeatherStation\EWARM\PilotWeatherStation\Obj\Drivers\STM32L4xx_HAL_Driver\stm32l4xx_hal_dfsdm.o
#        C:\Users\cstaeger\Repos\MES\PilotWeatherStation\EWARM\PilotWeatherStation\Obj\Drivers\STM32L4xx_HAL_Driver\stm32l4xx_hal_dma.o
#        C:\Users\cstaeger\Repos\MES\PilotWeatherStation\EWARM\PilotWeatherStation\Obj\Drivers\STM32L4xx_HAL_Driver\stm32l4xx_hal_dma_ex.o
#        C:\Users\cstaeger\Repos\MES\PilotWeatherStation\EWARM\PilotWeatherStation\Obj\Drivers\STM32L4xx_HAL_Driver\stm32l4xx_hal_exti.o
#        C:\Users\cstaeger\Repos\MES\PilotWeatherStation\EWARM\PilotWeatherStation\Obj\Drivers\STM32L4xx_HAL_Driver\stm32l4xx_hal_flash.o
#        C:\Users\cstaeger\Repos\MES\PilotWeatherStation\EWARM\PilotWeatherStation\Obj\Drivers\STM32L4xx_HAL_Driver\stm32l4xx_hal_flash_ex.o
#        C:\Users\cstaeger\Repos\MES\PilotWeatherStation\EWARM\PilotWeatherStation\Obj\Drivers\STM32L4xx_HAL_Driver\stm32l4xx_hal_flash_ramfunc.o
#        C:\Users\cstaeger\Repos\MES\PilotWeatherStation\EWARM\PilotWeatherStation\Obj\Drivers\STM32L4xx_HAL_Driver\stm32l4xx_hal_gpio.o
#        C:\Users\cstaeger\Repos\MES\PilotWeatherStation\EWARM\PilotWeatherStation\Obj\Drivers\STM32L4xx_HAL_Driver\stm32l4xx_hal_i2c.o
#        C:\Users\cstaeger\Repos\MES\PilotWeatherStation\EWARM\PilotWeatherStation\Obj\Drivers\STM32L4xx_HAL_Driver\stm32l4xx_hal_i2c_ex.o
#        C:\Users\cstaeger\Repos\MES\PilotWeatherStation\EWARM\PilotWeatherStation\Obj\Application\User\Core\stm32l4xx_hal_msp.o
#        C:\Users\cstaeger\Repos\MES\PilotWeatherStation\EWARM\PilotWeatherStation\Obj\Drivers\STM32L4xx_HAL_Driver\stm32l4xx_hal_pcd.o
#        C:\Users\cstaeger\Repos\MES\PilotWeatherStation\EWARM\PilotWeatherStation\Obj\Drivers\STM32L4xx_HAL_Driver\stm32l4xx_hal_pcd_ex.o
#        C:\Users\cstaeger\Repos\MES\PilotWeatherStation\EWARM\PilotWeatherStation\Obj\Drivers\STM32L4xx_HAL_Driver\stm32l4xx_hal_pwr.o
#        C:\Users\cstaeger\Repos\MES\PilotWeatherStation\EWARM\PilotWeatherStation\Obj\Drivers\STM32L4xx_HAL_Driver\stm32l4xx_hal_pwr_ex.o
#        C:\Users\cstaeger\Repos\MES\PilotWeatherStation\EWARM\PilotWeatherStation\Obj\Drivers\STM32L4xx_HAL_Driver\stm32l4xx_hal_qspi.o
#        C:\Users\cstaeger\Repos\MES\PilotWeatherStation\EWARM\PilotWeatherStation\Obj\Drivers\STM32L4xx_HAL_Driver\stm32l4xx_hal_rcc.o
#        C:\Users\cstaeger\Repos\MES\PilotWeatherStation\EWARM\PilotWeatherStation\Obj\Drivers\STM32L4xx_HAL_Driver\stm32l4xx_hal_rcc_ex.o
#        C:\Users\cstaeger\Repos\MES\PilotWeatherStation\EWARM\PilotWeatherStation\Obj\Drivers\STM32L4xx_HAL_Driver\stm32l4xx_hal_spi.o
#        C:\Users\cstaeger\Repos\MES\PilotWeatherStation\EWARM\PilotWeatherStation\Obj\Drivers\STM32L4xx_HAL_Driver\stm32l4xx_hal_spi_ex.o
#        C:\Users\cstaeger\Repos\MES\PilotWeatherStation\EWARM\PilotWeatherStation\Obj\Drivers\STM32L4xx_HAL_Driver\stm32l4xx_hal_tim.o
#        C:\Users\cstaeger\Repos\MES\PilotWeatherStation\EWARM\PilotWeatherStation\Obj\Drivers\STM32L4xx_HAL_Driver\stm32l4xx_hal_tim_ex.o
#        C:\Users\cstaeger\Repos\MES\PilotWeatherStation\EWARM\PilotWeatherStation\Obj\Drivers\STM32L4xx_HAL_Driver\stm32l4xx_hal_uart.o
#        C:\Users\cstaeger\Repos\MES\PilotWeatherStation\EWARM\PilotWeatherStation\Obj\Drivers\STM32L4xx_HAL_Driver\stm32l4xx_hal_uart_ex.o
#        C:\Users\cstaeger\Repos\MES\PilotWeatherStation\EWARM\PilotWeatherStation\Obj\Application\User\Core\stm32l4xx_it.o
#        C:\Users\cstaeger\Repos\MES\PilotWeatherStation\EWARM\PilotWeatherStation\Obj\Drivers\STM32L4xx_HAL_Driver\stm32l4xx_ll_usb.o
#        C:\Users\cstaeger\Repos\MES\PilotWeatherStation\EWARM\PilotWeatherStation\Obj\Application\User\Core\system_SM.o
#        C:\Users\cstaeger\Repos\MES\PilotWeatherStation\EWARM\PilotWeatherStation\Obj\Drivers\CMSIS\system_stm32l4xx.o
#        C:\Users\cstaeger\Repos\MES\PilotWeatherStation\EWARM\PilotWeatherStation\Obj\Application\User\Core\usart.o
#        C:\Users\cstaeger\Repos\MES\PilotWeatherStation\EWARM\PilotWeatherStation\Obj\Application\User\Core\usb_otg.o
#        C:\Users\cstaeger\Repos\MES\PilotWeatherStation\EWARM\PilotWeatherStation\Obj\Drivers\wifi.o
#        --no_out_extension -o
#        C:\Users\cstaeger\Repos\MES\PilotWeatherStation\EWARM\PilotWeatherStation\Exe\PilotWeatherStation.out
#        --redirect _Printf=_PrintfFullNoMb --redirect _Scanf=_ScanfFullNoMb
#        --map
#        C:\Users\cstaeger\Repos\MES\PilotWeatherStation\EWARM\PilotWeatherStation\List\PilotWeatherStation.map
#        --config
#        C:\Users\cstaeger\Repos\MES\PilotWeatherStation\EWARM/stm32l475xx_flash.icf
#        --semihosting --entry __iar_program_start --vfe --text_out locale)
#
###############################################################################

*******************************************************************************
*** RUNTIME MODEL ATTRIBUTES
***

CppFlavor       = *
__CPP_Runtime   = 1
__SystemLibrary = DLib
__dlib_version  = 6


*******************************************************************************
*** HEAP SELECTION
***

The basic heap was selected because no calls to memory allocation
functions were found in the application outside of system library
functions, and there are calls to deallocation functions in the
application.


*******************************************************************************
*** PLACEMENT SUMMARY
***

"A0":  place at address 0x800'0000 { ro section .intvec };
"P1":  place in [from 0x800'0000 to 0x80f'ffff] { ro };
define block CSTACK with size = 1K, alignment = 8 { };
define block HEAP with size = 512, alignment = 8 { };
"P2":  place in [from 0x2000'0000 to 0x2001'7fff] {
          rw, block CSTACK, block HEAP };
"P3":  place in [from 0x2000'0000 to 0x2001'7fff] { };
initialize by copy { rw };

  Section            Kind         Address    Size  Object
  -------            ----         -------    ----  ------
"A0":                                       0x188
  .intvec            ro code   0x800'0000   0x188  startup_stm32l475xx.o [1]
                             - 0x800'0188   0x188

"P1":                                      0x55f7
  .text              ro code   0x800'0188   0xf2e  xprintffull_nomb.o [6]
  .text              ro code   0x800'10b6    0x3a  packbits_init_single.o [8]
  .text              ro code   0x800'10f0    0x16  strchr.o [8]
  .text              ro code   0x800'1106     0xa  xsprout.o [6]
  .text              ro code   0x800'1110    0x40  xfail_s.o [6]
  .text              ro code   0x800'1150    0x14  strlen_small.o [8]
  .text              ro code   0x800'1164    0x58  memchr.o [8]
  .text              ro code   0x800'11bc    0x18  ABImemcpy_small.o [8]
  .text              ro code   0x800'11d4    0x70  frexp.o [7]
  .text              ro code   0x800'1244    0x34  DblCmpLe.o [7]
  .text              ro code   0x800'1278    0x34  DblCmpGe.o [7]
  .text              ro code   0x800'12ac   0x13a  ldexp.o [7]
  .rodata            const     0x800'13e6     0x2  xlocale_c.o [6]
  .text              ro code   0x800'13e8    0x36  DblToS32.o [7]
  .rodata            const     0x800'141e     0x1  xlocale_c.o [6]
  .text              ro code   0x800'1420    0x22  S32ToDbl.o [7]
  .text              ro code   0x800'1444   0x25e  DblAddSub.o [7]
  .text              ro code   0x800'16a4   0x246  DblDiv.o [7]
  .text              ro code   0x800'18ec    0x22  DblToU32.o [7]
  .text              ro code   0x800'1910    0x1c  U32ToDbl.o [7]
  .text              ro code   0x800'192c   0x1aa  DblMul.o [7]
  .text              ro code   0x800'1ad8     0x8  xlocale_c.o [6]
  .text              ro code   0x800'1ae0   0x106  I64DivMod_small.o [8]
  .text              ro code   0x800'1be6     0x6  abort.o [6]
  .text              ro code   0x800'1bec     0x2  I64DivZer.o [8]
  .text              ro code   0x800'1bf0    0x14  exit.o [9]
  .text              ro code   0x800'1c04   0x6f4  stm32l4xx_hal_rcc.o [5]
  .text              ro code   0x800'22f8    0x44  stm32l4xx_hal.o [5]
  .text              ro code   0x800'233c     0xc  stm32l4xx_hal.o [5]
  .text              ro code   0x800'2348    0x90  stm32l4xx_hal_pwr_ex.o [5]
  .text              ro code   0x800'23d8    0xc8  stm32l4xx_hal_cortex.o [5]
  .text              ro code   0x800'24a0   0x5d4  stm32l4xx_hal_i2c.o [5]
  .text              ro code   0x800'2a74   0x110  i2c.o [2]
  .text              ro code   0x800'2b84   0x110  main.o [2]
  .text              ro code   0x800'2c94    0x7e  stm32l4xx_hal_i2c_ex.o [5]
  .text              ro code   0x800'2d12    0x14  memset.o [8]
  .text              ro code   0x800'2d28   0x550  stm32l4xx_hal_rcc_ex.o [5]
  .text              ro code   0x800'3278   0x348  stm32l4xx_hal_gpio.o [5]
  .text              ro code   0x800'35c0    0x1e  stm32l4xx_hal.o [5]
  .text              ro code   0x800'35e0    0x78  system_SM.o [2]
  .text              ro code   0x800'3658    0x10  stm32l4xx_hal_pwr.o [5]
  .text              ro code   0x800'3668   0x2aa  gpio.o [2]
  .text              ro code   0x800'3914    0xd4  dfsdm.o [2]
  .text              ro code   0x800'39e8    0xa0  quadspi.o [2]
  .text              ro code   0x800'3a88    0xd8  spi.o [2]
  .text              ro code   0x800'3b60   0x128  usart.o [2]
  .text              ro code   0x800'3c88   0x11c  usb_otg.o [2]
  .text              ro code   0x800'3da4   0x250  hts221_driver.o [2]
  .text              ro code   0x800'3ff4   0x140  lps22_driver.o [2]
  .text              ro code   0x800'4134    0x20  consoleIo.o [2]
  .text              ro code   0x800'4154   0x10a  stm32l4xx_hal_spi.o [5]
  .text              ro code   0x800'4260    0x12  ABImemset_small.o [8]
  .text              ro code   0x800'4272     0x2  stm32l4xx_hal_gpio.o [5]
  .text              ro code   0x800'4274    0x30  stm32l4xx_hal_msp.o [2]
  .text              ro code   0x800'42a4    0x28  stm32l4xx_hal.o [5]
  .text              ro code   0x800'42cc   0x2fc  forecast_algo.o [2]
  .text              ro code   0x800'45c8   0x14c  stm32l4xx_hal_dfsdm.o [5]
  .text              ro code   0x800'4714    0xe6  stm32l4xx_hal_qspi.o [5]
  .text              ro code   0x800'47fc   0x54e  stm32l4xx_hal_uart.o [5]
  .text              ro code   0x800'4d4c    0xdc  stm32l4xx_hal_pcd.o [5]
  .text              ro code   0x800'4e28    0x48  FltToDbl.o [7]
  .text              ro code   0x800'4e70    0x40  sprintf.o [6]
  .text              ro code   0x800'4eb0    0x68  DblToFlt.o [7]
  .text              ro code   0x800'4f18   0x2d0  stm32l4xx_ll_usb.o [5]
  .text              ro code   0x800'51e8    0x26  stm32l4xx_hal_pcd_ex.o [5]
  .rodata            const     0x800'5210   0x210  forecast_algo.o [2]
  .text              ro code   0x800'5420    0x7c  stm32l4xx_it.o [2]
  .text              ro code   0x800'549c    0x10  stm32l4xx_hal.o [5]
  .text              ro code   0x800'54ac    0x38  zero_init3.o [8]
  .rodata            const     0x800'54e4    0x30  system_stm32l4xx.o [4]
  .text              ro code   0x800'5514    0x28  data_init.o [8]
  .text              ro code   0x800'553c    0x22  fpinit_M.o [7]
  .iar.init_table    const     0x800'5560    0x20  - Linker created -
  .text              ro code   0x800'5580    0x20  system_stm32l4xx.o [4]
  .text              ro code   0x800'55a0    0x1e  cmain.o [8]
  .text              ro code   0x800'55be     0x4  low_level_init.o [6]
  .text              ro code   0x800'55c2     0x4  exit.o [6]
  .text              ro code   0x800'55c8     0xa  cexit.o [8]
  .text              ro code   0x800'55d4    0x1c  cstartup_M.o [8]
  .text              ro code   0x800'55f0    0x10  startup_stm32l475xx.o [1]
  .rodata            const     0x800'5600     0x8  system_stm32l4xx.o [4]
  .text              ro code   0x800'5608     0x4  startup_stm32l475xx.o [1]
  .text              ro code   0x800'560c     0x4  startup_stm32l475xx.o [1]
  .text              ro code   0x800'5610     0x4  startup_stm32l475xx.o [1]
  .text              ro code   0x800'5614     0x4  startup_stm32l475xx.o [1]
  .text              ro code   0x800'5618     0x4  startup_stm32l475xx.o [1]
  .text              ro code   0x800'561c     0x4  startup_stm32l475xx.o [1]
  .text              ro code   0x800'5620     0x4  startup_stm32l475xx.o [1]
  .text              ro code   0x800'5624     0x4  startup_stm32l475xx.o [1]
  .text              ro code   0x800'5628     0x4  startup_stm32l475xx.o [1]
  .text              ro code   0x800'562c     0x4  startup_stm32l475xx.o [1]
  .text              ro code   0x800'5630     0x4  startup_stm32l475xx.o [1]
  .text              ro code   0x800'5634     0x4  startup_stm32l475xx.o [1]
  .text              ro code   0x800'5638     0x4  startup_stm32l475xx.o [1]
  .text              ro code   0x800'563c     0x4  startup_stm32l475xx.o [1]
  .text              ro code   0x800'5640     0x4  startup_stm32l475xx.o [1]
  .text              ro code   0x800'5644     0x4  startup_stm32l475xx.o [1]
  .text              ro code   0x800'5648     0x4  startup_stm32l475xx.o [1]
  .text              ro code   0x800'564c     0x4  startup_stm32l475xx.o [1]
  .text              ro code   0x800'5650     0x4  startup_stm32l475xx.o [1]
  .text              ro code   0x800'5654     0x4  startup_stm32l475xx.o [1]
  .text              ro code   0x800'5658     0x4  startup_stm32l475xx.o [1]
  .text              ro code   0x800'565c     0x4  startup_stm32l475xx.o [1]
  .text              ro code   0x800'5660     0x4  startup_stm32l475xx.o [1]
  .text              ro code   0x800'5664     0x4  startup_stm32l475xx.o [1]
  .text              ro code   0x800'5668     0x4  startup_stm32l475xx.o [1]
  .text              ro code   0x800'566c     0x4  startup_stm32l475xx.o [1]
  .text              ro code   0x800'5670     0x4  startup_stm32l475xx.o [1]
  .text              ro code   0x800'5674     0x4  startup_stm32l475xx.o [1]
  .text              ro code   0x800'5678     0x4  startup_stm32l475xx.o [1]
  .text              ro code   0x800'567c     0x4  startup_stm32l475xx.o [1]
  .text              ro code   0x800'5680     0x4  startup_stm32l475xx.o [1]
  .text              ro code   0x800'5684     0x4  startup_stm32l475xx.o [1]
  .text              ro code   0x800'5688     0x4  startup_stm32l475xx.o [1]
  .text              ro code   0x800'568c     0x4  startup_stm32l475xx.o [1]
  .text              ro code   0x800'5690     0x4  startup_stm32l475xx.o [1]
  .text              ro code   0x800'5694     0x4  startup_stm32l475xx.o [1]
  .text              ro code   0x800'5698     0x4  startup_stm32l475xx.o [1]
  .text              ro code   0x800'569c     0x4  startup_stm32l475xx.o [1]
  .text              ro code   0x800'56a0     0x4  startup_stm32l475xx.o [1]
  .text              ro code   0x800'56a4     0x4  startup_stm32l475xx.o [1]
  .text              ro code   0x800'56a8     0x4  startup_stm32l475xx.o [1]
  .text              ro code   0x800'56ac     0x4  startup_stm32l475xx.o [1]
  .text              ro code   0x800'56b0     0x4  startup_stm32l475xx.o [1]
  .text              ro code   0x800'56b4     0x4  startup_stm32l475xx.o [1]
  .text              ro code   0x800'56b8     0x4  startup_stm32l475xx.o [1]
  .text              ro code   0x800'56bc     0x4  startup_stm32l475xx.o [1]
  .text              ro code   0x800'56c0     0x4  startup_stm32l475xx.o [1]
  .text              ro code   0x800'56c4     0x4  startup_stm32l475xx.o [1]
  .text              ro code   0x800'56c8     0x4  startup_stm32l475xx.o [1]
  .text              ro code   0x800'56cc     0x4  startup_stm32l475xx.o [1]
  .text              ro code   0x800'56d0     0x4  startup_stm32l475xx.o [1]
  .text              ro code   0x800'56d4     0x4  startup_stm32l475xx.o [1]
  .text              ro code   0x800'56d8     0x4  startup_stm32l475xx.o [1]
  .text              ro code   0x800'56dc     0x4  startup_stm32l475xx.o [1]
  .text              ro code   0x800'56e0     0x4  startup_stm32l475xx.o [1]
  .text              ro code   0x800'56e4     0x4  startup_stm32l475xx.o [1]
  .text              ro code   0x800'56e8     0x4  startup_stm32l475xx.o [1]
  .text              ro code   0x800'56ec     0x4  startup_stm32l475xx.o [1]
  .text              ro code   0x800'56f0     0x4  startup_stm32l475xx.o [1]
  .text              ro code   0x800'56f4     0x4  startup_stm32l475xx.o [1]
  .text              ro code   0x800'56f8     0x4  startup_stm32l475xx.o [1]
  .text              ro code   0x800'56fc     0x4  startup_stm32l475xx.o [1]
  .text              ro code   0x800'5700     0x4  startup_stm32l475xx.o [1]
  .text              ro code   0x800'5704     0x4  startup_stm32l475xx.o [1]
  .text              ro code   0x800'5708     0x4  startup_stm32l475xx.o [1]
  .text              ro code   0x800'570c     0x4  startup_stm32l475xx.o [1]
  .text              ro code   0x800'5710     0x4  startup_stm32l475xx.o [1]
  .text              ro code   0x800'5714     0x4  startup_stm32l475xx.o [1]
  .text              ro code   0x800'5718     0x4  startup_stm32l475xx.o [1]
  .text              ro code   0x800'571c     0x4  startup_stm32l475xx.o [1]
  .text              ro code   0x800'5720     0x4  startup_stm32l475xx.o [1]
  .text              ro code   0x800'5724     0x4  startup_stm32l475xx.o [1]
  .text              ro code   0x800'5728     0x4  startup_stm32l475xx.o [1]
  .text              ro code   0x800'572c     0x4  startup_stm32l475xx.o [1]
  .text              ro code   0x800'5730     0x4  startup_stm32l475xx.o [1]
  .text              ro code   0x800'5734     0x4  startup_stm32l475xx.o [1]
  .text              ro code   0x800'5738     0x4  startup_stm32l475xx.o [1]
  .text              ro code   0x800'573c     0x4  startup_stm32l475xx.o [1]
  .rodata            const     0x800'5740     0x0  zero_init3.o [8]
  .rodata            const     0x800'5740     0x0  packbits_init_single.o [8]
  Initializer bytes  const     0x800'5740    0x3f  <for P2-P3-1>
                             - 0x800'577f  0x55f7

"P2-P3", part 1 of 3:                        0x68
  P2-P3-1                     0x2000'0000    0x68  <Init block>
    .data            inited   0x2000'0000     0xc  stm32l4xx_hal.o [5]
    .data            inited   0x2000'000c    0x20  system_SM.o [2]
    .data            inited   0x2000'002c     0x4  system_stm32l4xx.o [4]
    .data            inited   0x2000'0030    0x38  xlocale_c.o [6]
                            - 0x2000'0068    0x68

"P2-P3", part 2 of 3:                       0x774
  .bss               zero     0x2000'0068   0x50c  usb_otg.o [2]
  .bss               zero     0x2000'0574    0x84  usart.o [2]
  .bss               zero     0x2000'05f8    0x84  usart.o [2]
  .bss               zero     0x2000'067c    0x64  spi.o [2]
  .bss               zero     0x2000'06e0    0x54  i2c.o [2]
  .bss               zero     0x2000'0734    0x44  quadspi.o [2]
  .bss               zero     0x2000'0778    0x38  dfsdm.o [2]
  .bss               zero     0x2000'07b0    0x24  stm32l4xx_hal_dfsdm.o [5]
  .bss               zero     0x2000'07d4     0x4  dfsdm.o [2]
  .bss               zero     0x2000'07d8     0x4  xfail_s.o [6]
                            - 0x2000'07dc   0x774

"P2-P3", part 3 of 3:                       0x400
  CSTACK                      0x2000'07e0   0x400  <Block>
    CSTACK           uninit   0x2000'07e0   0x400  <Block tail>
                            - 0x2000'0be0   0x400

Unused ranges:

         From           To      Size
         ----           --      ----
   0x800'577f   0x80f'ffff  0xf'a881
  0x2000'07dc  0x2000'07df       0x4
  0x2000'0be0  0x2001'7fff  0x1'7420


*******************************************************************************
*** INIT TABLE
***

          Address      Size
          -------      ----
Zero (__iar_zero_init3)
    1 destination range, total size 0x774:
          0x2000'0068  0x774

Copy/packbits (__iar_packbits_init_single3)
    1 source range, total size 0x3f (60% of destination):
           0x800'5740   0x3f
    1 destination range, total size 0x68:
          0x2000'0000   0x68



*******************************************************************************
*** MODULE SUMMARY
***

    Module                  ro code  ro data  rw data
    ------                  -------  -------  -------
command line/config:
    -------------------------------------------------
    Total:

C:\Users\cstaeger\Repos\MES\PilotWeatherStation\EWARM\PilotWeatherStation\Obj\Application\EWARM: [1]
    startup_stm32l475xx.o       720
    -------------------------------------------------
    Total:                      720

C:\Users\cstaeger\Repos\MES\PilotWeatherStation\EWARM\PilotWeatherStation\Obj\Application\User\Core: [2]
    consoleIo.o                  32
    dfsdm.o                     212                60
    forecast_algo.o             764      528
    gpio.o                      682
    hts221_driver.o             592
    i2c.o                       272                84
    lps22_driver.o              320
    main.o                      272
    quadspi.o                   160                68
    spi.o                       216               100
    stm32l4xx_hal_msp.o          48
    stm32l4xx_it.o              124
    system_SM.o                 120       19       32
    usart.o                     296               264
    usb_otg.o                   284             1'292
    -------------------------------------------------
    Total:                    4'394      547    1'900

C:\Users\cstaeger\Repos\MES\PilotWeatherStation\EWARM\PilotWeatherStation\Obj\Drivers: [3]
    -------------------------------------------------
    Total:

C:\Users\cstaeger\Repos\MES\PilotWeatherStation\EWARM\PilotWeatherStation\Obj\Drivers\CMSIS: [4]
    system_stm32l4xx.o           32       59        4
    -------------------------------------------------
    Total:                       32       59        4

C:\Users\cstaeger\Repos\MES\PilotWeatherStation\EWARM\PilotWeatherStation\Obj\Drivers\STM32L4xx_HAL_Driver: [5]
    stm32l4xx_hal.o             166        7       12
    stm32l4xx_hal_cortex.o      200
    stm32l4xx_hal_dfsdm.o       332                36
    stm32l4xx_hal_gpio.o        842
    stm32l4xx_hal_i2c.o       1'492
    stm32l4xx_hal_i2c_ex.o      126
    stm32l4xx_hal_pcd.o         220
    stm32l4xx_hal_pcd_ex.o       38
    stm32l4xx_hal_pwr.o          16
    stm32l4xx_hal_pwr_ex.o      144
    stm32l4xx_hal_qspi.o        230
    stm32l4xx_hal_rcc.o       1'780
    stm32l4xx_hal_rcc_ex.o    1'360
    stm32l4xx_hal_spi.o         266
    stm32l4xx_hal_uart.o      1'358
    stm32l4xx_ll_usb.o          720
    -------------------------------------------------
    Total:                    9'290        7       48

dl7M_tlf.a: [6]
    abort.o                       6
    exit.o                        4
    low_level_init.o              4
    sprintf.o                    64
    xfail_s.o                    64                 4
    xlocale_c.o                   8       36       56
    xprintffull_nomb.o        3'886
    xsprout.o                    10
    -------------------------------------------------
    Total:                    4'046       36       60

m7M_tls.a: [7]
    DblAddSub.o                 606
    DblCmpGe.o                   52
    DblCmpLe.o                   52
    DblDiv.o                    582
    DblMul.o                    426
    DblToFlt.o                  104
    DblToS32.o                   54
    DblToU32.o                   34
    FltToDbl.o                   72
    S32ToDbl.o                   34
    U32ToDbl.o                   28
    fpinit_M.o                   34
    frexp.o                     112
    ldexp.o                     314
    -------------------------------------------------
    Total:                    2'504

rt7M_tl.a: [8]
    ABImemcpy_small.o            24
    ABImemset_small.o            18
    I64DivMod_small.o           262
    I64DivZer.o                   2
    cexit.o                      10
    cmain.o                      30
    cstartup_M.o                 28
    data_init.o                  40
    memchr.o                     88
    memset.o                     20
    packbits_init_single.o       58
    strchr.o                     22
    strlen_small.o               20
    zero_init3.o                 56
    -------------------------------------------------
    Total:                      678

shb_l.a: [9]
    exit.o                       20
    -------------------------------------------------
    Total:                       20

    Gaps                         29        4
    Linker created                        33    1'024
-----------------------------------------------------
    Grand Total:             21'713      686    3'036


*******************************************************************************
*** ENTRY LIST
***

Entry                       Address   Size  Type      Object
-----                       -------   ----  ----      ------
.iar.init_table$$Base    0x800'5560          --   Gb  - Linker created -
.iar.init_table$$Limit   0x800'5580          --   Gb  - Linker created -
?main                    0x800'55a1         Code  Gb  cmain.o [8]
AHBPrescTable            0x800'5590   0x10  Data  Gb  system_stm32l4xx.o [4]
APBPrescTable            0x800'5600    0x8  Data  Gb  system_stm32l4xx.o [4]
BusFault_Handler         0x800'5427    0x2  Code  Gb  stm32l4xx_it.o [2]
CSTACK$$Base            0x2000'07e0          --   Gb  - Linker created -
CSTACK$$Limit           0x2000'0be0          --   Gb  - Linker created -
Calc_CloudBase           0x800'4303   0x48  Code  Gb  forecast_algo.o [2]
Calc_DPSpread            0x800'42cd   0x36  Code  Gb  forecast_algo.o [2]
Calc_PressureChange      0x800'4391   0x44  Code  Gb  forecast_algo.o [2]
ConsoleIoSendString      0x800'4135   0x1a  Code  Gb  consoleIo.o [2]
DFSDM1_Init             0x2000'07d4    0x4  Data  Lc  dfsdm.o [2]
DFSDM_GetChannelFromInstance
                         0x800'46ab   0x4a  Code  Lc  stm32l4xx_hal_dfsdm.o [5]
DebugMon_Handler         0x800'542d    0x2  Code  Gb  stm32l4xx_it.o [2]
EXTI15_10_IRQHandler     0x800'5455   0x40  Code  Gb  stm32l4xx_it.o [2]
EXTI9_5_IRQHandler       0x800'5435   0x20  Code  Gb  stm32l4xx_it.o [2]
Error_Handler            0x800'2c7d    0x4  Code  Gb  main.o [2]
ForecastConditions       0x800'43d5   0xce  Code  Gb  forecast_algo.o [2]
ForecastTimerHandler     0x800'35e1   0x3e  Code  Gb  system_SM.o [2]
HAL_DFSDM_ChannelInit    0x800'45c9   0xd8  Code  Gb  stm32l4xx_hal_dfsdm.o [5]
HAL_DFSDM_ChannelMspInit
                         0x800'3953   0x80  Code  Gb  dfsdm.o [2]
HAL_Delay                0x800'42a5   0x28  Code  Wk  stm32l4xx_hal.o [5]
HAL_GPIO_DeInit          0x800'3457  0x122  Code  Gb  stm32l4xx_hal_gpio.o [5]
HAL_GPIO_EXTI_IRQHandler
                         0x800'3583   0x12  Code  Gb  stm32l4xx_hal_gpio.o [5]
HAL_GPIO_Init            0x800'3279  0x1de  Code  Gb  stm32l4xx_hal_gpio.o [5]
HAL_GPIO_WritePin        0x800'3579    0xa  Code  Gb  stm32l4xx_hal_gpio.o [5]
HAL_GetTick              0x800'233d    0xc  Code  Wk  stm32l4xx_hal.o [5]
HAL_I2CEx_ConfigAnalogFilter
                         0x800'2c95   0x2a  Code  Gb  stm32l4xx_hal_i2c_ex.o [5]
HAL_I2CEx_ConfigDigitalFilter
                         0x800'2cbf   0x26  Code  Gb  stm32l4xx_hal_i2c_ex.o [5]
HAL_I2C_Init             0x800'24a1   0xa2  Code  Gb  stm32l4xx_hal_i2c.o [5]
HAL_I2C_Mem_Read         0x800'26ef   0xfe  Code  Gb  stm32l4xx_hal_i2c.o [5]
HAL_I2C_Mem_Write        0x800'257b   0xd2  Code  Gb  stm32l4xx_hal_i2c.o [5]
HAL_I2C_MspDeInit        0x800'2b41   0x30  Code  Gb  i2c.o [2]
HAL_I2C_MspInit          0x800'2ac3   0x7e  Code  Gb  i2c.o [2]
HAL_IncTick              0x800'549d   0x10  Code  Wk  stm32l4xx_hal.o [5]
HAL_Init                 0x800'35c1   0x1e  Code  Gb  stm32l4xx_hal.o [5]
HAL_InitTick             0x800'22f9   0x44  Code  Wk  stm32l4xx_hal.o [5]
HAL_MspInit              0x800'4275   0x30  Code  Gb  stm32l4xx_hal_msp.o [2]
HAL_NVIC_EnableIRQ       0x800'2449   0x16  Code  Gb  stm32l4xx_hal_cortex.o [5]
HAL_NVIC_SetPriority     0x800'240d   0x3a  Code  Gb  stm32l4xx_hal_cortex.o [5]
HAL_NVIC_SetPriorityGrouping
                         0x800'23f3   0x1a  Code  Gb  stm32l4xx_hal_cortex.o [5]
HAL_PCDEx_ActivateLPM    0x800'51e9   0x26  Code  Gb  stm32l4xx_hal_pcd_ex.o [5]
HAL_PCD_Init             0x800'4d4d   0xc4  Code  Gb  stm32l4xx_hal_pcd.o [5]
HAL_PCD_MspInit          0x800'3cbb   0xcc  Code  Gb  usb_otg.o [2]
HAL_PWREx_ControlVoltageScaling
                         0x800'2355   0x62  Code  Gb  stm32l4xx_hal_pwr_ex.o [5]
HAL_PWREx_EnableVddUSB   0x800'23b7    0x6  Code  Gb  stm32l4xx_hal_pwr_ex.o [5]
HAL_PWREx_GetVoltageRange
                         0x800'2349    0xc  Code  Gb  stm32l4xx_hal_pwr_ex.o [5]
HAL_PWR_EnableBkUpAccess
                         0x800'3659    0xc  Code  Gb  stm32l4xx_hal_pwr.o [5]
HAL_QSPI_Init            0x800'4715   0x88  Code  Gb  stm32l4xx_hal_qspi.o [5]
HAL_QSPI_MspInit         0x800'3a17   0x60  Code  Gb  quadspi.o [2]
HAL_RCCEx_EnableMSIPLLMode
                         0x800'3061    0xc  Code  Gb  stm32l4xx_hal_rcc_ex.o [5]
HAL_RCCEx_PeriphCLKConfig
                         0x800'2d29  0x31e  Code  Gb  stm32l4xx_hal_rcc_ex.o [5]
HAL_RCC_ClockConfig      0x800'2059   0xfa  Code  Gb  stm32l4xx_hal_rcc.o [5]
HAL_RCC_GetPCLK1Freq     0x800'221b   0x10  Code  Gb  stm32l4xx_hal_rcc.o [5]
HAL_RCC_GetPCLK2Freq     0x800'222b    0xe  Code  Gb  stm32l4xx_hal_rcc.o [5]
HAL_RCC_GetSysClockFreq
                         0x800'2189   0x92  Code  Gb  stm32l4xx_hal_rcc.o [5]
HAL_RCC_OscConfig        0x800'1c05  0x41c  Code  Gb  stm32l4xx_hal_rcc.o [5]
HAL_SPI_DeInit           0x800'4229   0x2a  Code  Gb  stm32l4xx_hal_spi.o [5]
HAL_SPI_Init             0x800'4155   0xd4  Code  Gb  stm32l4xx_hal_spi.o [5]
HAL_SPI_MspDeInit        0x800'3b2d   0x1e  Code  Gb  spi.o [2]
HAL_SPI_MspInit          0x800'3acd   0x60  Code  Gb  spi.o [2]
HAL_SYSTICK_Config       0x800'245f   0x28  Code  Gb  stm32l4xx_hal_cortex.o [5]
HAL_UART_Init            0x800'47fd   0x30  Code  Gb  stm32l4xx_hal_uart.o [5]
HAL_UART_MspInit         0x800'3ba9   0xc4  Code  Gb  usart.o [2]
HAL_UART_Transmit        0x800'487d   0xb8  Code  Gb  stm32l4xx_hal_uart.o [5]
HTS221_Init              0x800'3dcf   0x2c  Code  Gb  hts221_driver.o [2]
HTS221_ReadHumidity      0x800'3dfd   0xbe  Code  Gb  hts221_driver.o [2]
HTS221_ReadTemp          0x800'3ec1   0xe0  Code  Gb  hts221_driver.o [2]
HardFault_Handler        0x800'5423    0x2  Code  Gb  stm32l4xx_it.o [2]
I2C_Flush_TXDR           0x800'2859   0x1c  Code  Lc  stm32l4xx_hal_i2c.o [5]
I2C_IsErrorOccurred      0x800'2943   0xf8  Code  Lc  stm32l4xx_hal_i2c.o [5]
I2C_Read                 0x800'3da5   0x2a  Code  Lc  hts221_driver.o [2]
I2C_TransferConfig       0x800'2a45   0x26  Code  Lc  stm32l4xx_hal_i2c.o [5]
I2C_WaitOnFlagUntilTimeout
                         0x800'2875   0x42  Code  Lc  stm32l4xx_hal_i2c.o [5]
I2C_WaitOnSTOPFlagUntilTimeout
                         0x800'2907   0x34  Code  Lc  stm32l4xx_hal_i2c.o [5]
I2C_WaitOnTXISFlagUntilTimeout
                         0x800'28b7   0x38  Code  Lc  stm32l4xx_hal_i2c.o [5]
LPS22HB_Init             0x800'403d   0x2c  Code  Gb  lps22_driver.o [2]
LPS22_I2C_Read           0x800'3ff5   0x28  Code  Lc  lps22_driver.o [2]
LPS22_I2C_Write          0x800'401d   0x20  Code  Lc  lps22_driver.o [2]
LPS22_ReadPressure       0x800'4069   0x98  Code  Gb  lps22_driver.o [2]
MSIRangeTable            0x800'54e4   0x30  Data  Gb  system_stm32l4xx.o [4]
MX_DFSDM1_Init           0x800'3915   0x3e  Code  Gb  dfsdm.o [2]
MX_GPIO_Init             0x800'3669  0x248  Code  Gb  gpio.o [2]
MX_I2C2_Init             0x800'2a75   0x4e  Code  Gb  i2c.o [2]
MX_QUADSPI_Init          0x800'39e9   0x2e  Code  Gb  quadspi.o [2]
MX_SPI3_Init             0x800'3a89   0x44  Code  Gb  spi.o [2]
MX_USART1_UART_Init      0x800'3b61   0x10  Code  Gb  usart.o [2]
MX_USART3_UART_Init      0x800'3b71   0x10  Code  Gb  usart.o [2]
MX_USB_OTG_FS_PCD_Init   0x800'3c89   0x32  Code  Gb  usb_otg.o [2]
MemManage_Handler        0x800'5425    0x2  Code  Gb  stm32l4xx_it.o [2]
NMI_Handler              0x800'5421    0x2  Code  Gb  stm32l4xx_it.o [2]
OutputData               0x800'44a9   0x50  Code  Gb  forecast_algo.o [2]
PendSV_Handler           0x800'542f    0x2  Code  Gb  stm32l4xx_it.o [2]
QSPI_WaitFlagStateUntilTimeout
                         0x800'47b1   0x4a  Code  Lc  stm32l4xx_hal_qspi.o [5]
RCCEx_PLLSAI1_Config     0x800'306d   0xe6  Code  Lc  stm32l4xx_hal_rcc_ex.o [5]
RCCEx_PLLSAI2_Config     0x800'3159   0xce  Code  Lc  stm32l4xx_hal_rcc_ex.o [5]
RCC_SetFlashLatencyFromMSIRange
                         0x800'2243   0x74  Code  Lc  stm32l4xx_hal_rcc.o [5]
Region$$Table$$Base      0x800'5560          --   Gb  - Linker created -
Region$$Table$$Limit     0x800'5580          --   Gb  - Linker created -
SVC_Handler              0x800'542b    0x2  Code  Gb  stm32l4xx_it.o [2]
SysTick_Handler          0x800'5431    0x4  Code  Gb  stm32l4xx_it.o [2]
SystemClock_Config       0x800'2b95   0x90  Code  Gb  main.o [2]
SystemCoreClock         0x2000'002c    0x4  Data  Gb  system_stm32l4xx.o [4]
SystemInit               0x800'5581    0xc  Code  Gb  system_stm32l4xx.o [4]
System_DeInit            0x800'2c55   0x1a  Code  Gb  main.o [2]
System_Init              0x800'2c25   0x2e  Code  Gb  main.o [2]
UART_AdvFeatureConfig    0x800'4b89   0xc6  Code  Gb  stm32l4xx_hal_uart.o [5]
UART_CheckIdleState      0x800'4c4f   0x5e  Code  Gb  stm32l4xx_hal_uart.o [5]
UART_SetConfig           0x800'4951  0x20e  Code  Gb  stm32l4xx_hal_uart.o [5]
UART_WaitOnFlagUntilTimeout
                         0x800'4cad   0x7a  Code  Gb  stm32l4xx_hal_uart.o [5]
USB_CoreInit             0x800'4f19   0x60  Code  Gb  stm32l4xx_ll_usb.o [5]
USB_DevDisconnect        0x800'51c5   0x16  Code  Gb  stm32l4xx_ll_usb.o [5]
USB_DevInit              0x800'4fdd  0x152  Code  Gb  stm32l4xx_ll_usb.o [5]
USB_DisableGlobalInt     0x800'4f79    0x6  Code  Gb  stm32l4xx_ll_usb.o [5]
USB_FlushRxFifo          0x800'5173   0x42  Code  Gb  stm32l4xx_ll_usb.o [5]
USB_FlushTxFifo          0x800'512f   0x44  Code  Gb  stm32l4xx_ll_usb.o [5]
USB_SetCurrentMode       0x800'4f85   0x58  Code  Gb  stm32l4xx_ll_usb.o [5]
USB_SetDevSpeed          0x800'51b5    0xa  Code  Gb  stm32l4xx_ll_usb.o [5]
UsageFault_Handler       0x800'5429    0x2  Code  Gb  stm32l4xx_it.o [2]
_LitobFullNoMb           0x800'0ebd  0x10c  Code  Lc  xprintffull_nomb.o [6]
_Locale_lconv           0x2000'0030   0x38  Data  Lc  xlocale_c.o [6]
_PrintfFullNoMb          0x800'0189  0xd04  Code  Gb  xprintffull_nomb.o [6]
_PutcharFullNoMb         0x800'1021   0x20  Code  Lc  xprintffull_nomb.o [6]
_PutcharsFullNoMb        0x800'1041   0x2e  Code  Lc  xprintffull_nomb.o [6]
_SProut                  0x800'1107    0xa  Code  Gb  xsprout.o [6]
__NVIC_SetPriority       0x800'23d9   0x1a  Code  Lc  stm32l4xx_hal_cortex.o [5]
__aeabi_cdcmple          0x800'1245         Code  Gb  DblCmpLe.o [7]
__aeabi_cdrcmple         0x800'1279         Code  Gb  DblCmpGe.o [7]
__aeabi_d2f              0x800'4eb1         Code  Gb  DblToFlt.o [7]
__aeabi_d2iz             0x800'13e9         Code  Gb  DblToS32.o [7]
__aeabi_d2uiz            0x800'18ed         Code  Gb  DblToU32.o [7]
__aeabi_dadd             0x800'1445         Code  Gb  DblAddSub.o [7]
__aeabi_ddiv             0x800'16a5         Code  Gb  DblDiv.o [7]
__aeabi_dmul             0x800'192d         Code  Gb  DblMul.o [7]
__aeabi_dsub             0x800'15c1         Code  Gb  DblAddSub.o [7]
__aeabi_f2d              0x800'4e29         Code  Gb  FltToDbl.o [7]
__aeabi_i2d              0x800'1421         Code  Gb  S32ToDbl.o [7]
__aeabi_ldiv0            0x800'1bed         Code  Gb  I64DivZer.o [8]
__aeabi_ui2d             0x800'1911         Code  Gb  U32ToDbl.o [7]
__cmain                  0x800'55a1         Code  Gb  cmain.o [8]
__exit                   0x800'1bf1   0x14  Code  Gb  exit.o [9]
__iar_Fail_s             0x800'1111   0x1c  Code  Gb  xfail_s.o [6]
__iar_Memchr             0x800'1165         Code  Gb  memchr.o [8]
__iar_Strchr             0x800'10f1         Code  Gb  strchr.o [8]
__iar_data_init3         0x800'5515   0x28  Code  Gb  data_init.o [8]
__iar_frexp              0x800'11e1         Code  Gb  frexp.o [7]
__iar_frexpl             0x800'11e1         Code  Gb  frexp.o [7]
__iar_init_vfp           0x800'553d         Code  Gb  fpinit_M.o [7]
__iar_ldexp64            0x800'12ad         Code  Gb  ldexp.o [7]
__iar_packbits_init_single3
                         0x800'10b7   0x3a  Code  Gb  packbits_init_single.o [8]
__iar_program_start      0x800'55d5         Code  Gb  cstartup_M.o [8]
__iar_scalbln64          0x800'12ad         Code  Gb  ldexp.o [7]
__iar_scalbn64           0x800'12ad         Code  Gb  ldexp.o [7]
__iar_small_Memcpy       0x800'11c1         Code  Gb  ABImemcpy_small.o [8]
__iar_small_Memset       0x800'4261         Code  Gb  ABImemset_small.o [8]
__iar_small_Memset_word
                         0x800'4261         Code  Gb  ABImemset_small.o [8]
__iar_small_memcpy       0x800'11bd         Code  Gb  ABImemcpy_small.o [8]
__iar_small_memcpy4      0x800'11bd         Code  Gb  ABImemcpy_small.o [8]
__iar_small_memcpy8      0x800'11bd         Code  Gb  ABImemcpy_small.o [8]
__iar_small_memset       0x800'4261         Code  Gb  ABImemset_small.o [8]
__iar_small_strlen       0x800'1151         Code  Gb  strlen_small.o [8]
__iar_small_uldivmod     0x800'1ae1         Code  Gb  I64DivMod_small.o [8]
__iar_softfp___iar_frexp64
                         0x800'11d5         Code  Gb  frexp.o [7]
__iar_softfp_frexp       0x800'11d5         Code  Gb  frexp.o [7]
__iar_softfp_frexpl      0x800'11d5         Code  Gb  frexp.o [7]
__iar_zero_init3         0x800'54ad   0x38  Code  Gb  zero_init3.o [8]
__low_level_init         0x800'55bf    0x4  Code  Gb  low_level_init.o [6]
__vector_table           0x800'0000         Data  Gb  startup_stm32l475xx.o [1]
_call_main               0x800'55ad         Code  Gb  cmain.o [8]
_exit                    0x800'55c9         Code  Gb  cexit.o [8]
a_dfsdm1ChannelHandle   0x2000'07b4   0x20  Data  Lc  stm32l4xx_hal_dfsdm.o [5]
abort                    0x800'1be7    0x6  Code  Gb  abort.o [6]
eNewEvent               0x2000'000c    0x1  Data  Gb  system_SM.o [2]
executeStateMachine      0x800'361f   0x34  Code  Gb  system_SM.o [2]
exit                     0x800'55c3    0x4  Code  Gb  exit.o [6]
hdfsdm1_channel1        0x2000'0778   0x38  Data  Gb  dfsdm.o [2]
hi2c2                   0x2000'06e0   0x54  Data  Gb  i2c.o [2]
hpcd_USB_OTG_FS         0x2000'0068  0x50c  Data  Gb  usb_otg.o [2]
hqspi                   0x2000'0734   0x44  Data  Gb  quadspi.o [2]
hspi3                   0x2000'067c   0x64  Data  Gb  spi.o [2]
huart1                  0x2000'0574   0x84  Data  Gb  usart.o [2]
huart3                  0x2000'05f8   0x84  Data  Gb  usart.o [2]
ldexp                    0x800'12ad         Code  Gb  ldexp.o [7]
ldexpl                   0x800'12ad         Code  Gb  ldexp.o [7]
localeconv               0x800'1ad9    0x4  Code  Gb  xlocale_c.o [6]
main                     0x800'2b85   0x10  Code  Gb  main.o [2]
memchr                   0x800'1165         Code  Gb  memchr.o [8]
memset                   0x800'2d13   0x14  Code  Gb  memset.o [8]
scalbln                  0x800'12ad         Code  Gb  ldexp.o [7]
scalblnl                 0x800'12ad         Code  Gb  ldexp.o [7]
scalbn                   0x800'12ad         Code  Gb  ldexp.o [7]
scalbnl                  0x800'12ad         Code  Gb  ldexp.o [7]
scale                    0x800'0fc9   0x46  Code  Lc  xprintffull_nomb.o [6]
sec_hand                0x2000'07d8    0x4  Data  Lc  xfail_s.o [6]
sprintf                  0x800'4e71   0x40  Code  Gb  sprintf.o [6]
strchr                   0x800'10f1         Code  Gb  strchr.o [8]
uwTick                  0x2000'0004    0x4  Data  Gb  stm32l4xx_hal.o [5]
uwTickFreq              0x2000'0000    0x1  Data  Gb  stm32l4xx_hal.o [5]
uwTickPrio              0x2000'0008    0x4  Data  Gb  stm32l4xx_hal.o [5]
v_dfsdm1ChannelCounter  0x2000'07b0    0x4  Data  Lc  stm32l4xx_hal_dfsdm.o [5]
wd                      0x2000'0010   0x1c  Data  Gb  system_SM.o [2]


[1] = C:\Users\cstaeger\Repos\MES\PilotWeatherStation\EWARM\PilotWeatherStation\Obj\Application\EWARM
[2] = C:\Users\cstaeger\Repos\MES\PilotWeatherStation\EWARM\PilotWeatherStation\Obj\Application\User\Core
[3] = C:\Users\cstaeger\Repos\MES\PilotWeatherStation\EWARM\PilotWeatherStation\Obj\Drivers
[4] = C:\Users\cstaeger\Repos\MES\PilotWeatherStation\EWARM\PilotWeatherStation\Obj\Drivers\CMSIS
[5] = C:\Users\cstaeger\Repos\MES\PilotWeatherStation\EWARM\PilotWeatherStation\Obj\Drivers\STM32L4xx_HAL_Driver
[6] = dl7M_tlf.a
[7] = m7M_tls.a
[8] = rt7M_tl.a
[9] = shb_l.a

  21'713 bytes of readonly  code memory
     686 bytes of readonly  data memory
   3'036 bytes of readwrite data memory

Errors: none
Warnings: none
