###############################################################################
#
# IAR ELF Linker V9.20.4.327/W64 for ARM                  20/Nov/2022  21:59:08
# Copyright 2007-2022 IAR Systems AB.
#
#    Output file  =
#        C:\Users\cstaeger\Repos\MES\PilotWeatherStation\EWARM\PilotWeatherStation\Exe\PilotWeatherStation.out
#    Map file     =
#        C:\Users\cstaeger\Repos\MES\PilotWeatherStation\EWARM\PilotWeatherStation\List\PilotWeatherStation.map
#    Command line =
#        -f
#        C:\Users\cstaeger\Repos\MES\PilotWeatherStation\EWARM\PilotWeatherStation\Exe\PilotWeatherStation.out.rsp
#        (C:\Users\cstaeger\Repos\MES\PilotWeatherStation\EWARM\PilotWeatherStation\Obj\Application\User\Core\console.o
#        C:\Users\cstaeger\Repos\MES\PilotWeatherStation\EWARM\PilotWeatherStation\Obj\Application\User\Core\consoleCommands.o
#        C:\Users\cstaeger\Repos\MES\PilotWeatherStation\EWARM\PilotWeatherStation\Obj\Application\User\Core\consoleIo.o
#        C:\Users\cstaeger\Repos\MES\PilotWeatherStation\EWARM\PilotWeatherStation\Obj\Application\User\Core\dfsdm.o
#        C:\Users\cstaeger\Repos\MES\PilotWeatherStation\EWARM\PilotWeatherStation\Obj\Drivers\es_wifi.o
#        C:\Users\cstaeger\Repos\MES\PilotWeatherStation\EWARM\PilotWeatherStation\Obj\Drivers\es_wifi_io.o
#        C:\Users\cstaeger\Repos\MES\PilotWeatherStation\EWARM\PilotWeatherStation\Obj\Application\User\Core\forecast_algo.o
#        C:\Users\cstaeger\Repos\MES\PilotWeatherStation\EWARM\PilotWeatherStation\Obj\Application\User\Core\forecast_test.o
#        C:\Users\cstaeger\Repos\MES\PilotWeatherStation\EWARM\PilotWeatherStation\Obj\Application\User\Core\gpio.o
#        C:\Users\cstaeger\Repos\MES\PilotWeatherStation\EWARM\PilotWeatherStation\Obj\Application\User\Core\hts221_driver.o
#        C:\Users\cstaeger\Repos\MES\PilotWeatherStation\EWARM\PilotWeatherStation\Obj\Application\User\Core\i2c.o
#        C:\Users\cstaeger\Repos\MES\PilotWeatherStation\EWARM\PilotWeatherStation\Obj\Application\User\Core\lps22_driver.o
#        C:\Users\cstaeger\Repos\MES\PilotWeatherStation\EWARM\PilotWeatherStation\Obj\Application\User\Core\main.o
#        C:\Users\cstaeger\Repos\MES\PilotWeatherStation\EWARM\PilotWeatherStation\Obj\Application\User\Core\quadspi.o
#        C:\Users\cstaeger\Repos\MES\PilotWeatherStation\EWARM\PilotWeatherStation\Obj\Application\User\Core\spi.o
#        C:\Users\cstaeger\Repos\MES\PilotWeatherStation\EWARM\PilotWeatherStation\Obj\Application\EWARM\startup_stm32l475xx.o
#        C:\Users\cstaeger\Repos\MES\PilotWeatherStation\EWARM\PilotWeatherStation\Obj\Drivers\STM32L4xx_HAL_Driver\stm32l4xx_hal.o
#        C:\Users\cstaeger\Repos\MES\PilotWeatherStation\EWARM\PilotWeatherStation\Obj\Drivers\STM32L4xx_HAL_Driver\stm32l4xx_hal_cortex.o
#        C:\Users\cstaeger\Repos\MES\PilotWeatherStation\EWARM\PilotWeatherStation\Obj\Drivers\STM32L4xx_HAL_Driver\stm32l4xx_hal_dfsdm.o
#        C:\Users\cstaeger\Repos\MES\PilotWeatherStation\EWARM\PilotWeatherStation\Obj\Drivers\STM32L4xx_HAL_Driver\stm32l4xx_hal_dma.o
#        C:\Users\cstaeger\Repos\MES\PilotWeatherStation\EWARM\PilotWeatherStation\Obj\Drivers\STM32L4xx_HAL_Driver\stm32l4xx_hal_dma_ex.o
#        C:\Users\cstaeger\Repos\MES\PilotWeatherStation\EWARM\PilotWeatherStation\Obj\Drivers\STM32L4xx_HAL_Driver\stm32l4xx_hal_exti.o
#        C:\Users\cstaeger\Repos\MES\PilotWeatherStation\EWARM\PilotWeatherStation\Obj\Drivers\STM32L4xx_HAL_Driver\stm32l4xx_hal_flash.o
#        C:\Users\cstaeger\Repos\MES\PilotWeatherStation\EWARM\PilotWeatherStation\Obj\Drivers\STM32L4xx_HAL_Driver\stm32l4xx_hal_flash_ex.o
#        C:\Users\cstaeger\Repos\MES\PilotWeatherStation\EWARM\PilotWeatherStation\Obj\Drivers\STM32L4xx_HAL_Driver\stm32l4xx_hal_flash_ramfunc.o
#        C:\Users\cstaeger\Repos\MES\PilotWeatherStation\EWARM\PilotWeatherStation\Obj\Drivers\STM32L4xx_HAL_Driver\stm32l4xx_hal_gpio.o
#        C:\Users\cstaeger\Repos\MES\PilotWeatherStation\EWARM\PilotWeatherStation\Obj\Drivers\STM32L4xx_HAL_Driver\stm32l4xx_hal_i2c.o
#        C:\Users\cstaeger\Repos\MES\PilotWeatherStation\EWARM\PilotWeatherStation\Obj\Drivers\STM32L4xx_HAL_Driver\stm32l4xx_hal_i2c_ex.o
#        C:\Users\cstaeger\Repos\MES\PilotWeatherStation\EWARM\PilotWeatherStation\Obj\Application\User\Core\stm32l4xx_hal_msp.o
#        C:\Users\cstaeger\Repos\MES\PilotWeatherStation\EWARM\PilotWeatherStation\Obj\Drivers\STM32L4xx_HAL_Driver\stm32l4xx_hal_pcd.o
#        C:\Users\cstaeger\Repos\MES\PilotWeatherStation\EWARM\PilotWeatherStation\Obj\Drivers\STM32L4xx_HAL_Driver\stm32l4xx_hal_pcd_ex.o
#        C:\Users\cstaeger\Repos\MES\PilotWeatherStation\EWARM\PilotWeatherStation\Obj\Drivers\STM32L4xx_HAL_Driver\stm32l4xx_hal_pwr.o
#        C:\Users\cstaeger\Repos\MES\PilotWeatherStation\EWARM\PilotWeatherStation\Obj\Drivers\STM32L4xx_HAL_Driver\stm32l4xx_hal_pwr_ex.o
#        C:\Users\cstaeger\Repos\MES\PilotWeatherStation\EWARM\PilotWeatherStation\Obj\Drivers\STM32L4xx_HAL_Driver\stm32l4xx_hal_qspi.o
#        C:\Users\cstaeger\Repos\MES\PilotWeatherStation\EWARM\PilotWeatherStation\Obj\Drivers\STM32L4xx_HAL_Driver\stm32l4xx_hal_rcc.o
#        C:\Users\cstaeger\Repos\MES\PilotWeatherStation\EWARM\PilotWeatherStation\Obj\Drivers\STM32L4xx_HAL_Driver\stm32l4xx_hal_rcc_ex.o
#        C:\Users\cstaeger\Repos\MES\PilotWeatherStation\EWARM\PilotWeatherStation\Obj\Drivers\STM32L4xx_HAL_Driver\stm32l4xx_hal_spi.o
#        C:\Users\cstaeger\Repos\MES\PilotWeatherStation\EWARM\PilotWeatherStation\Obj\Drivers\STM32L4xx_HAL_Driver\stm32l4xx_hal_spi_ex.o
#        C:\Users\cstaeger\Repos\MES\PilotWeatherStation\EWARM\PilotWeatherStation\Obj\Drivers\STM32L4xx_HAL_Driver\stm32l4xx_hal_tim.o
#        C:\Users\cstaeger\Repos\MES\PilotWeatherStation\EWARM\PilotWeatherStation\Obj\Drivers\STM32L4xx_HAL_Driver\stm32l4xx_hal_tim_ex.o
#        C:\Users\cstaeger\Repos\MES\PilotWeatherStation\EWARM\PilotWeatherStation\Obj\Drivers\STM32L4xx_HAL_Driver\stm32l4xx_hal_uart.o
#        C:\Users\cstaeger\Repos\MES\PilotWeatherStation\EWARM\PilotWeatherStation\Obj\Drivers\STM32L4xx_HAL_Driver\stm32l4xx_hal_uart_ex.o
#        C:\Users\cstaeger\Repos\MES\PilotWeatherStation\EWARM\PilotWeatherStation\Obj\Application\User\Core\stm32l4xx_it.o
#        C:\Users\cstaeger\Repos\MES\PilotWeatherStation\EWARM\PilotWeatherStation\Obj\Drivers\STM32L4xx_HAL_Driver\stm32l4xx_ll_usb.o
#        C:\Users\cstaeger\Repos\MES\PilotWeatherStation\EWARM\PilotWeatherStation\Obj\Application\User\Core\system_SM.o
#        C:\Users\cstaeger\Repos\MES\PilotWeatherStation\EWARM\PilotWeatherStation\Obj\Drivers\CMSIS\system_stm32l4xx.o
#        C:\Users\cstaeger\Repos\MES\PilotWeatherStation\EWARM\PilotWeatherStation\Obj\Application\User\Core\usart.o
#        C:\Users\cstaeger\Repos\MES\PilotWeatherStation\EWARM\PilotWeatherStation\Obj\Application\User\Core\usb_otg.o
#        C:\Users\cstaeger\Repos\MES\PilotWeatherStation\EWARM\PilotWeatherStation\Obj\Drivers\wifi.o
#        --no_out_extension -o
#        C:\Users\cstaeger\Repos\MES\PilotWeatherStation\EWARM\PilotWeatherStation\Exe\PilotWeatherStation.out
#        --redirect _Printf=_PrintfFullNoMb --redirect _Scanf=_ScanfFullNoMb
#        --map
#        C:\Users\cstaeger\Repos\MES\PilotWeatherStation\EWARM\PilotWeatherStation\List\PilotWeatherStation.map
#        --config
#        C:\Users\cstaeger\Repos\MES\PilotWeatherStation\EWARM/stm32l475xx_flash.icf
#        --semihosting --entry __iar_program_start --vfe --text_out locale)
#
###############################################################################

*******************************************************************************
*** RUNTIME MODEL ATTRIBUTES
***

CppFlavor       = *
__CPP_Runtime   = 1
__SystemLibrary = DLib
__dlib_version  = 6


*******************************************************************************
*** HEAP SELECTION
***

The basic heap was selected because no calls to memory allocation
functions were found in the application outside of system library
functions, and there are calls to deallocation functions in the
application.


*******************************************************************************
*** PLACEMENT SUMMARY
***

"A0":  place at address 0x800'0000 { ro section .intvec };
"P1":  place in [from 0x800'0000 to 0x80f'ffff] { ro };
define block CSTACK with size = 1K, alignment = 8 { };
define block HEAP with size = 512, alignment = 8 { };
"P2":  place in [from 0x2000'0000 to 0x2001'7fff] {
          rw, block CSTACK, block HEAP };
"P3":  place in [from 0x2000'0000 to 0x2001'7fff] { };
initialize by copy { rw };

  Section            Kind         Address    Size  Object
  -------            ----         -------    ----  ------
"A0":                                       0x188
  .intvec            ro code   0x800'0000   0x188  startup_stm32l475xx.o [1]
                             - 0x800'0188   0x188

"P1":                                      0x3d70
  .text              ro code   0x800'0188   0x6f4  stm32l4xx_hal_rcc.o [5]
  .text              ro code   0x800'087c    0x44  stm32l4xx_hal.o [5]
  .text              ro code   0x800'08c0     0xc  stm32l4xx_hal.o [5]
  .text              ro code   0x800'08cc    0x90  stm32l4xx_hal_pwr_ex.o [5]
  .text              ro code   0x800'095c    0xc8  stm32l4xx_hal_cortex.o [5]
  .text              ro code   0x800'0a24   0x5d4  stm32l4xx_hal_i2c.o [5]
  .text              ro code   0x800'0ff8    0xdc  i2c.o [2]
  .text              ro code   0x800'10d4    0xd8  main.o [2]
  .text              ro code   0x800'11ac    0x7e  stm32l4xx_hal_i2c_ex.o [5]
  .text              ro code   0x800'122a    0x14  memset.o [8]
  .text              ro code   0x800'123e    0x2a  copy_init3.o [8]
  .text              ro code   0x800'1268   0x550  stm32l4xx_hal_rcc_ex.o [5]
  .text              ro code   0x800'17b8   0x224  stm32l4xx_hal_gpio.o [5]
  .text              ro code   0x800'19dc    0x1e  stm32l4xx_hal.o [5]
  .text              ro code   0x800'19fc    0x80  system_SM.o [2]
  .text              ro code   0x800'1a7c    0x10  stm32l4xx_hal_pwr.o [5]
  .text              ro code   0x800'1a8c   0x2aa  gpio.o [2]
  .text              ro code   0x800'1d38    0xd4  dfsdm.o [2]
  .text              ro code   0x800'1e0c    0xa0  quadspi.o [2]
  .text              ro code   0x800'1eac    0xb4  spi.o [2]
  .text              ro code   0x800'1f60   0x128  usart.o [2]
  .text              ro code   0x800'2088   0x11c  usb_otg.o [2]
  .text              ro code   0x800'21a4    0x60  hts221_driver.o [2]
  .text              ro code   0x800'2204    0x78  lps22_driver.o [2]
  .text              ro code   0x800'227c    0x12  ABImemset_small.o [8]
  .text              ro code   0x800'228e     0x2  stm32l4xx_hal_gpio.o [5]
  .text              ro code   0x800'2290    0x30  stm32l4xx_hal_msp.o [2]
  .text              ro code   0x800'22c0    0x20  consoleIo.o [2]
  .text              ro code   0x800'22e0   0x270  forecast_algo.o [2]
  .text              ro code   0x800'2550    0x28  stm32l4xx_hal.o [5]
  .text              ro code   0x800'2578   0x14c  stm32l4xx_hal_dfsdm.o [5]
  .text              ro code   0x800'26c4    0xe6  stm32l4xx_hal_qspi.o [5]
  .text              ro code   0x800'27ac    0xe0  stm32l4xx_hal_spi.o [5]
  .text              ro code   0x800'288c   0x54e  stm32l4xx_hal_uart.o [5]
  .text              ro code   0x800'2ddc    0xdc  stm32l4xx_hal_pcd.o [5]
  .text              ro code   0x800'2eb8    0x14  strlen_small.o [8]
  .text              ro code   0x800'2ecc    0x68  DblToFlt.o [7]
  .text              ro code   0x800'2f34    0x48  FltToDbl.o [7]
  .text              ro code   0x800'2f7c   0x246  DblDiv.o [7]
  .text              ro code   0x800'31c4   0x1aa  DblMul.o [7]
  .text              ro code   0x800'3370   0x25e  DblAddSub.o [7]
  .text              ro code   0x800'35d0   0x106  I64DivMod_small.o [8]
  .text              ro code   0x800'36d8   0x2d0  stm32l4xx_ll_usb.o [5]
  .text              ro code   0x800'39a8    0x26  stm32l4xx_hal_pcd_ex.o [5]
  .text              ro code   0x800'39d0    0x18  ABImemcpy_small.o [8]
  .text              ro code   0x800'39e8     0x2  I64DivZer.o [8]
  .rodata            const     0x800'39ec   0x1a0  forecast_algo.o [2]
  .text              ro code   0x800'3b8c    0x7c  stm32l4xx_it.o [2]
  .text              ro code   0x800'3c08    0x10  stm32l4xx_hal.o [5]
  .text              ro code   0x800'3c18    0x38  zero_init3.o [8]
  .rodata            const     0x800'3c50    0x30  system_stm32l4xx.o [4]
  .text              ro code   0x800'3c80    0x28  data_init.o [8]
  .rodata            const     0x800'3ca8    0x24  system_SM.o [2]
  .text              ro code   0x800'3ccc    0x22  fpinit_M.o [7]
  .iar.init_table    const     0x800'3cf0    0x24  - Linker created -
  .text              ro code   0x800'3d14    0x20  system_stm32l4xx.o [4]
  .text              ro code   0x800'3d34    0x1e  cmain.o [8]
  .text              ro code   0x800'3d52     0x4  low_level_init.o [6]
  .text              ro code   0x800'3d56     0x4  exit.o [6]
  .text              ro code   0x800'3d5c     0xa  cexit.o [8]
  .text              ro code   0x800'3d68    0x14  exit.o [9]
  .text              ro code   0x800'3d7c    0x1c  cstartup_M.o [8]
  .text              ro code   0x800'3d98    0x10  startup_stm32l475xx.o [1]
  Initializer bytes  const     0x800'3da8    0x10  <for P2-P3-1>
  .rodata            const     0x800'3db8     0x8  system_stm32l4xx.o [4]
  .text              ro code   0x800'3dc0     0x4  startup_stm32l475xx.o [1]
  .text              ro code   0x800'3dc4     0x4  startup_stm32l475xx.o [1]
  .text              ro code   0x800'3dc8     0x4  startup_stm32l475xx.o [1]
  .text              ro code   0x800'3dcc     0x4  startup_stm32l475xx.o [1]
  .text              ro code   0x800'3dd0     0x4  startup_stm32l475xx.o [1]
  .text              ro code   0x800'3dd4     0x4  startup_stm32l475xx.o [1]
  .text              ro code   0x800'3dd8     0x4  startup_stm32l475xx.o [1]
  .text              ro code   0x800'3ddc     0x4  startup_stm32l475xx.o [1]
  .text              ro code   0x800'3de0     0x4  startup_stm32l475xx.o [1]
  .text              ro code   0x800'3de4     0x4  startup_stm32l475xx.o [1]
  .text              ro code   0x800'3de8     0x4  startup_stm32l475xx.o [1]
  .text              ro code   0x800'3dec     0x4  startup_stm32l475xx.o [1]
  .text              ro code   0x800'3df0     0x4  startup_stm32l475xx.o [1]
  .text              ro code   0x800'3df4     0x4  startup_stm32l475xx.o [1]
  .text              ro code   0x800'3df8     0x4  startup_stm32l475xx.o [1]
  .text              ro code   0x800'3dfc     0x4  startup_stm32l475xx.o [1]
  .text              ro code   0x800'3e00     0x4  startup_stm32l475xx.o [1]
  .text              ro code   0x800'3e04     0x4  startup_stm32l475xx.o [1]
  .text              ro code   0x800'3e08     0x4  startup_stm32l475xx.o [1]
  .text              ro code   0x800'3e0c     0x4  startup_stm32l475xx.o [1]
  .text              ro code   0x800'3e10     0x4  startup_stm32l475xx.o [1]
  .text              ro code   0x800'3e14     0x4  startup_stm32l475xx.o [1]
  .text              ro code   0x800'3e18     0x4  startup_stm32l475xx.o [1]
  .text              ro code   0x800'3e1c     0x4  startup_stm32l475xx.o [1]
  .text              ro code   0x800'3e20     0x4  startup_stm32l475xx.o [1]
  .text              ro code   0x800'3e24     0x4  startup_stm32l475xx.o [1]
  .text              ro code   0x800'3e28     0x4  startup_stm32l475xx.o [1]
  .text              ro code   0x800'3e2c     0x4  startup_stm32l475xx.o [1]
  .text              ro code   0x800'3e30     0x4  startup_stm32l475xx.o [1]
  .text              ro code   0x800'3e34     0x4  startup_stm32l475xx.o [1]
  .text              ro code   0x800'3e38     0x4  startup_stm32l475xx.o [1]
  .text              ro code   0x800'3e3c     0x4  startup_stm32l475xx.o [1]
  .text              ro code   0x800'3e40     0x4  startup_stm32l475xx.o [1]
  .text              ro code   0x800'3e44     0x4  startup_stm32l475xx.o [1]
  .text              ro code   0x800'3e48     0x4  startup_stm32l475xx.o [1]
  .text              ro code   0x800'3e4c     0x4  startup_stm32l475xx.o [1]
  .text              ro code   0x800'3e50     0x4  startup_stm32l475xx.o [1]
  .text              ro code   0x800'3e54     0x4  startup_stm32l475xx.o [1]
  .text              ro code   0x800'3e58     0x4  startup_stm32l475xx.o [1]
  .text              ro code   0x800'3e5c     0x4  startup_stm32l475xx.o [1]
  .text              ro code   0x800'3e60     0x4  startup_stm32l475xx.o [1]
  .text              ro code   0x800'3e64     0x4  startup_stm32l475xx.o [1]
  .text              ro code   0x800'3e68     0x4  startup_stm32l475xx.o [1]
  .text              ro code   0x800'3e6c     0x4  startup_stm32l475xx.o [1]
  .text              ro code   0x800'3e70     0x4  startup_stm32l475xx.o [1]
  .text              ro code   0x800'3e74     0x4  startup_stm32l475xx.o [1]
  .text              ro code   0x800'3e78     0x4  startup_stm32l475xx.o [1]
  .text              ro code   0x800'3e7c     0x4  startup_stm32l475xx.o [1]
  .text              ro code   0x800'3e80     0x4  startup_stm32l475xx.o [1]
  .text              ro code   0x800'3e84     0x4  startup_stm32l475xx.o [1]
  .text              ro code   0x800'3e88     0x4  startup_stm32l475xx.o [1]
  .text              ro code   0x800'3e8c     0x4  startup_stm32l475xx.o [1]
  .text              ro code   0x800'3e90     0x4  startup_stm32l475xx.o [1]
  .text              ro code   0x800'3e94     0x4  startup_stm32l475xx.o [1]
  .text              ro code   0x800'3e98     0x4  startup_stm32l475xx.o [1]
  .text              ro code   0x800'3e9c     0x4  startup_stm32l475xx.o [1]
  .text              ro code   0x800'3ea0     0x4  startup_stm32l475xx.o [1]
  .text              ro code   0x800'3ea4     0x4  startup_stm32l475xx.o [1]
  .text              ro code   0x800'3ea8     0x4  startup_stm32l475xx.o [1]
  .text              ro code   0x800'3eac     0x4  startup_stm32l475xx.o [1]
  .text              ro code   0x800'3eb0     0x4  startup_stm32l475xx.o [1]
  .text              ro code   0x800'3eb4     0x4  startup_stm32l475xx.o [1]
  .text              ro code   0x800'3eb8     0x4  startup_stm32l475xx.o [1]
  .text              ro code   0x800'3ebc     0x4  startup_stm32l475xx.o [1]
  .text              ro code   0x800'3ec0     0x4  startup_stm32l475xx.o [1]
  .text              ro code   0x800'3ec4     0x4  startup_stm32l475xx.o [1]
  .text              ro code   0x800'3ec8     0x4  startup_stm32l475xx.o [1]
  .text              ro code   0x800'3ecc     0x4  startup_stm32l475xx.o [1]
  .text              ro code   0x800'3ed0     0x4  startup_stm32l475xx.o [1]
  .text              ro code   0x800'3ed4     0x4  startup_stm32l475xx.o [1]
  .text              ro code   0x800'3ed8     0x4  startup_stm32l475xx.o [1]
  .text              ro code   0x800'3edc     0x4  startup_stm32l475xx.o [1]
  .text              ro code   0x800'3ee0     0x4  startup_stm32l475xx.o [1]
  .text              ro code   0x800'3ee4     0x4  startup_stm32l475xx.o [1]
  .text              ro code   0x800'3ee8     0x4  startup_stm32l475xx.o [1]
  .text              ro code   0x800'3eec     0x4  startup_stm32l475xx.o [1]
  .text              ro code   0x800'3ef0     0x4  startup_stm32l475xx.o [1]
  .text              ro code   0x800'3ef4     0x4  startup_stm32l475xx.o [1]
  .rodata            const     0x800'3ef8     0x0  zero_init3.o [8]
  .rodata            const     0x800'3ef8     0x0  copy_init3.o [8]
                             - 0x800'3ef8  0x3d70

"P2-P3", part 1 of 3:                        0x10
  P2-P3-1                     0x2000'0000    0x10  <Init block>
    .data            inited   0x2000'0000     0xc  stm32l4xx_hal.o [5]
    .data            inited   0x2000'000c     0x4  system_stm32l4xx.o [4]
                            - 0x2000'0010    0x10

"P2-P3", part 2 of 3:                       0x790
  .bss               zero     0x2000'0010   0x50c  usb_otg.o [2]
  .bss               zero     0x2000'051c    0x84  usart.o [2]
  .bss               zero     0x2000'05a0    0x84  usart.o [2]
  .bss               zero     0x2000'0624    0x64  spi.o [2]
  .bss               zero     0x2000'0688    0x54  i2c.o [2]
  .bss               zero     0x2000'06dc    0x44  quadspi.o [2]
  .bss               zero     0x2000'0720    0x38  dfsdm.o [2]
  .bss               zero     0x2000'0758    0x24  stm32l4xx_hal_dfsdm.o [5]
  .bss               zero     0x2000'077c    0x20  system_SM.o [2]
  .bss               zero     0x2000'079c     0x4  dfsdm.o [2]
                            - 0x2000'07a0   0x790

"P2-P3", part 3 of 3:                       0x400
  CSTACK                      0x2000'07a0   0x400  <Block>
    CSTACK           uninit   0x2000'07a0   0x400  <Block tail>
                            - 0x2000'0ba0   0x400

Unused ranges:

         From           To      Size
         ----           --      ----
   0x800'3ef8   0x80f'ffff  0xf'c108
  0x2000'0ba0  0x2001'7fff  0x1'7460


*******************************************************************************
*** INIT TABLE
***

          Address      Size
          -------      ----
Zero (__iar_zero_init3)
    1 destination range, total size 0x790:
          0x2000'0010  0x790

Copy (__iar_copy_init3)
    1 source range, total size 0x10:
           0x800'3da8   0x10
    1 destination range, total size 0x10:
          0x2000'0000   0x10



*******************************************************************************
*** MODULE SUMMARY
***

    Module                  ro code  ro data  rw data
    ------                  -------  -------  -------
command line/config:
    -------------------------------------------------
    Total:

C:\Users\cstaeger\Repos\MES\PilotWeatherStation\EWARM\PilotWeatherStation\Obj\Application\EWARM: [1]
    startup_stm32l475xx.o       720
    -------------------------------------------------
    Total:                      720

C:\Users\cstaeger\Repos\MES\PilotWeatherStation\EWARM\PilotWeatherStation\Obj\Application\User\Core: [2]
    consoleIo.o                  32
    dfsdm.o                     212                60
    forecast_algo.o             624      416
    gpio.o                      682
    hts221_driver.o              96
    i2c.o                       220                84
    lps22_driver.o              120
    main.o                      216
    quadspi.o                   160                68
    spi.o                       180               100
    stm32l4xx_hal_msp.o          48
    stm32l4xx_it.o              124
    system_SM.o                 128       36       32
    usart.o                     296               264
    usb_otg.o                   284             1'292
    -------------------------------------------------
    Total:                    3'422      452    1'900

C:\Users\cstaeger\Repos\MES\PilotWeatherStation\EWARM\PilotWeatherStation\Obj\Drivers: [3]
    -------------------------------------------------
    Total:

C:\Users\cstaeger\Repos\MES\PilotWeatherStation\EWARM\PilotWeatherStation\Obj\Drivers\CMSIS: [4]
    system_stm32l4xx.o           32       60        4
    -------------------------------------------------
    Total:                       32       60        4

C:\Users\cstaeger\Repos\MES\PilotWeatherStation\EWARM\PilotWeatherStation\Obj\Drivers\STM32L4xx_HAL_Driver: [5]
    stm32l4xx_hal.o             166       12       12
    stm32l4xx_hal_cortex.o      200
    stm32l4xx_hal_dfsdm.o       332                36
    stm32l4xx_hal_gpio.o        550
    stm32l4xx_hal_i2c.o       1'492
    stm32l4xx_hal_i2c_ex.o      126
    stm32l4xx_hal_pcd.o         220
    stm32l4xx_hal_pcd_ex.o       38
    stm32l4xx_hal_pwr.o          16
    stm32l4xx_hal_pwr_ex.o      144
    stm32l4xx_hal_qspi.o        230
    stm32l4xx_hal_rcc.o       1'780
    stm32l4xx_hal_rcc_ex.o    1'360
    stm32l4xx_hal_spi.o         224
    stm32l4xx_hal_uart.o      1'358
    stm32l4xx_ll_usb.o          720
    -------------------------------------------------
    Total:                    8'956       12       48

dl7M_tlf.a: [6]
    exit.o                        4
    low_level_init.o              4
    -------------------------------------------------
    Total:                        8

m7M_tls.a: [7]
    DblAddSub.o                 606
    DblDiv.o                    582
    DblMul.o                    426
    DblToFlt.o                  104
    FltToDbl.o                   72
    fpinit_M.o                   34
    -------------------------------------------------
    Total:                    1'824

rt7M_tl.a: [8]
    ABImemcpy_small.o            24
    ABImemset_small.o            18
    I64DivMod_small.o           262
    I64DivZer.o                   2
    cexit.o                      10
    cmain.o                      30
    copy_init3.o                 42
    cstartup_M.o                 28
    data_init.o                  40
    memset.o                     20
    strlen_small.o               20
    zero_init3.o                 56
    -------------------------------------------------
    Total:                      552

shb_l.a: [9]
    exit.o                       20
    -------------------------------------------------
    Total:                       20

    Gaps                         22        4
    Linker created                        36    1'024
-----------------------------------------------------
    Grand Total:             15'556      564    2'976


*******************************************************************************
*** ENTRY LIST
***

Entry                       Address   Size  Type      Object
-----                       -------   ----  ----      ------
.iar.init_table$$Base    0x800'3cf0          --   Gb  - Linker created -
.iar.init_table$$Limit   0x800'3d14          --   Gb  - Linker created -
?main                    0x800'3d35         Code  Gb  cmain.o [8]
AHBPrescTable            0x800'3d24   0x10  Data  Gb  system_stm32l4xx.o [4]
APBPrescTable            0x800'3db8    0x8  Data  Gb  system_stm32l4xx.o [4]
BusFault_Handler         0x800'3b93    0x2  Code  Gb  stm32l4xx_it.o [2]
CSTACK$$Base            0x2000'07a0          --   Gb  - Linker created -
CSTACK$$Limit           0x2000'0ba0          --   Gb  - Linker created -
Calc_CloudBase           0x800'2317   0x48  Code  Gb  forecast_algo.o [2]
Calc_DPSpread            0x800'22e1   0x36  Code  Gb  forecast_algo.o [2]
Calc_PressureChange      0x800'23a5   0x44  Code  Gb  forecast_algo.o [2]
ConsoleIoSendString      0x800'22c1   0x1a  Code  Gb  consoleIo.o [2]
DFSDM1_Init             0x2000'079c    0x4  Data  Lc  dfsdm.o [2]
DFSDM_GetChannelFromInstance
                         0x800'265b   0x4a  Code  Lc  stm32l4xx_hal_dfsdm.o [5]
DebugMon_Handler         0x800'3b99    0x2  Code  Gb  stm32l4xx_it.o [2]
EXTI15_10_IRQHandler     0x800'3bc1   0x40  Code  Gb  stm32l4xx_it.o [2]
EXTI9_5_IRQHandler       0x800'3ba1   0x20  Code  Gb  stm32l4xx_it.o [2]
Error_Handler            0x800'11a9    0x4  Code  Gb  main.o [2]
ForecastConditions       0x800'23e9   0xca  Code  Gb  forecast_algo.o [2]
HAL_DFSDM_ChannelInit    0x800'2579   0xd8  Code  Gb  stm32l4xx_hal_dfsdm.o [5]
HAL_DFSDM_ChannelMspInit
                         0x800'1d77   0x80  Code  Gb  dfsdm.o [2]
HAL_Delay                0x800'2551   0x28  Code  Wk  stm32l4xx_hal.o [5]
HAL_GPIO_EXTI_IRQHandler
                         0x800'19a1   0x12  Code  Gb  stm32l4xx_hal_gpio.o [5]
HAL_GPIO_Init            0x800'17b9  0x1de  Code  Gb  stm32l4xx_hal_gpio.o [5]
HAL_GPIO_WritePin        0x800'1997    0xa  Code  Gb  stm32l4xx_hal_gpio.o [5]
HAL_GetTick              0x800'08c1    0xc  Code  Wk  stm32l4xx_hal.o [5]
HAL_I2CEx_ConfigAnalogFilter
                         0x800'11ad   0x2a  Code  Gb  stm32l4xx_hal_i2c_ex.o [5]
HAL_I2CEx_ConfigDigitalFilter
                         0x800'11d7   0x26  Code  Gb  stm32l4xx_hal_i2c_ex.o [5]
HAL_I2C_Init             0x800'0a25   0xa2  Code  Gb  stm32l4xx_hal_i2c.o [5]
HAL_I2C_Mem_Read         0x800'0c73   0xfe  Code  Gb  stm32l4xx_hal_i2c.o [5]
HAL_I2C_Mem_Write        0x800'0aff   0xd2  Code  Gb  stm32l4xx_hal_i2c.o [5]
HAL_I2C_MspInit          0x800'1047   0x7e  Code  Gb  i2c.o [2]
HAL_IncTick              0x800'3c09   0x10  Code  Wk  stm32l4xx_hal.o [5]
HAL_Init                 0x800'19dd   0x1e  Code  Gb  stm32l4xx_hal.o [5]
HAL_InitTick             0x800'087d   0x44  Code  Wk  stm32l4xx_hal.o [5]
HAL_MspInit              0x800'2291   0x30  Code  Gb  stm32l4xx_hal_msp.o [2]
HAL_NVIC_EnableIRQ       0x800'09cd   0x16  Code  Gb  stm32l4xx_hal_cortex.o [5]
HAL_NVIC_SetPriority     0x800'0991   0x3a  Code  Gb  stm32l4xx_hal_cortex.o [5]
HAL_NVIC_SetPriorityGrouping
                         0x800'0977   0x1a  Code  Gb  stm32l4xx_hal_cortex.o [5]
HAL_PCDEx_ActivateLPM    0x800'39a9   0x26  Code  Gb  stm32l4xx_hal_pcd_ex.o [5]
HAL_PCD_Init             0x800'2ddd   0xc4  Code  Gb  stm32l4xx_hal_pcd.o [5]
HAL_PCD_MspInit          0x800'20bb   0xcc  Code  Gb  usb_otg.o [2]
HAL_PWREx_ControlVoltageScaling
                         0x800'08d9   0x62  Code  Gb  stm32l4xx_hal_pwr_ex.o [5]
HAL_PWREx_EnableVddUSB   0x800'093b    0x6  Code  Gb  stm32l4xx_hal_pwr_ex.o [5]
HAL_PWREx_GetVoltageRange
                         0x800'08cd    0xc  Code  Gb  stm32l4xx_hal_pwr_ex.o [5]
HAL_PWR_EnableBkUpAccess
                         0x800'1a7d    0xc  Code  Gb  stm32l4xx_hal_pwr.o [5]
HAL_QSPI_Init            0x800'26c5   0x88  Code  Gb  stm32l4xx_hal_qspi.o [5]
HAL_QSPI_MspInit         0x800'1e3b   0x60  Code  Gb  quadspi.o [2]
HAL_RCCEx_EnableMSIPLLMode
                         0x800'15a1    0xc  Code  Gb  stm32l4xx_hal_rcc_ex.o [5]
HAL_RCCEx_PeriphCLKConfig
                         0x800'1269  0x31e  Code  Gb  stm32l4xx_hal_rcc_ex.o [5]
HAL_RCC_ClockConfig      0x800'05dd   0xfa  Code  Gb  stm32l4xx_hal_rcc.o [5]
HAL_RCC_GetPCLK1Freq     0x800'079f   0x10  Code  Gb  stm32l4xx_hal_rcc.o [5]
HAL_RCC_GetPCLK2Freq     0x800'07af    0xe  Code  Gb  stm32l4xx_hal_rcc.o [5]
HAL_RCC_GetSysClockFreq
                         0x800'070d   0x92  Code  Gb  stm32l4xx_hal_rcc.o [5]
HAL_RCC_OscConfig        0x800'0189  0x41c  Code  Gb  stm32l4xx_hal_rcc.o [5]
HAL_SPI_Init             0x800'27ad   0xd4  Code  Gb  stm32l4xx_hal_spi.o [5]
HAL_SPI_MspInit          0x800'1ef1   0x60  Code  Gb  spi.o [2]
HAL_SYSTICK_Config       0x800'09e3   0x28  Code  Gb  stm32l4xx_hal_cortex.o [5]
HAL_UART_Init            0x800'288d   0x30  Code  Gb  stm32l4xx_hal_uart.o [5]
HAL_UART_MspInit         0x800'1fa9   0xc4  Code  Gb  usart.o [2]
HAL_UART_Transmit        0x800'290d   0xb8  Code  Gb  stm32l4xx_hal_uart.o [5]
HTS221_Init              0x800'21cf   0x2c  Code  Gb  hts221_driver.o [2]
HardFault_Handler        0x800'3b8f    0x2  Code  Gb  stm32l4xx_it.o [2]
I2C_Flush_TXDR           0x800'0ddd   0x1c  Code  Lc  stm32l4xx_hal_i2c.o [5]
I2C_IsErrorOccurred      0x800'0ec7   0xf8  Code  Lc  stm32l4xx_hal_i2c.o [5]
I2C_Read                 0x800'21a5   0x2a  Code  Lc  hts221_driver.o [2]
I2C_TransferConfig       0x800'0fc9   0x26  Code  Lc  stm32l4xx_hal_i2c.o [5]
I2C_WaitOnFlagUntilTimeout
                         0x800'0df9   0x42  Code  Lc  stm32l4xx_hal_i2c.o [5]
I2C_WaitOnSTOPFlagUntilTimeout
                         0x800'0e8b   0x34  Code  Lc  stm32l4xx_hal_i2c.o [5]
I2C_WaitOnTXISFlagUntilTimeout
                         0x800'0e3b   0x38  Code  Lc  stm32l4xx_hal_i2c.o [5]
LPS22HB_Init             0x800'224d   0x2c  Code  Gb  lps22_driver.o [2]
LPS22_I2C_Read           0x800'2205   0x28  Code  Lc  lps22_driver.o [2]
LPS22_I2C_Write          0x800'222d   0x20  Code  Lc  lps22_driver.o [2]
MSIRangeTable            0x800'3c50   0x30  Data  Gb  system_stm32l4xx.o [4]
MX_DFSDM1_Init           0x800'1d39   0x3e  Code  Gb  dfsdm.o [2]
MX_GPIO_Init             0x800'1a8d  0x248  Code  Gb  gpio.o [2]
MX_I2C2_Init             0x800'0ff9   0x4e  Code  Gb  i2c.o [2]
MX_QUADSPI_Init          0x800'1e0d   0x2e  Code  Gb  quadspi.o [2]
MX_SPI3_Init             0x800'1ead   0x44  Code  Gb  spi.o [2]
MX_USART1_UART_Init      0x800'1f61   0x10  Code  Gb  usart.o [2]
MX_USART3_UART_Init      0x800'1f71   0x10  Code  Gb  usart.o [2]
MX_USB_OTG_FS_PCD_Init   0x800'2089   0x32  Code  Gb  usb_otg.o [2]
MemManage_Handler        0x800'3b91    0x2  Code  Gb  stm32l4xx_it.o [2]
NMI_Handler              0x800'3b8d    0x2  Code  Gb  stm32l4xx_it.o [2]
PendSV_Handler           0x800'3b9b    0x2  Code  Gb  stm32l4xx_it.o [2]
QSPI_WaitFlagStateUntilTimeout
                         0x800'2761   0x4a  Code  Lc  stm32l4xx_hal_qspi.o [5]
RCCEx_PLLSAI1_Config     0x800'15ad   0xe6  Code  Lc  stm32l4xx_hal_rcc_ex.o [5]
RCCEx_PLLSAI2_Config     0x800'1699   0xce  Code  Lc  stm32l4xx_hal_rcc_ex.o [5]
RCC_SetFlashLatencyFromMSIRange
                         0x800'07c7   0x74  Code  Lc  stm32l4xx_hal_rcc.o [5]
Region$$Table$$Base      0x800'3cf0          --   Gb  - Linker created -
Region$$Table$$Limit     0x800'3d14          --   Gb  - Linker created -
SVC_Handler              0x800'3b97    0x2  Code  Gb  stm32l4xx_it.o [2]
SnowyWeatherTest         0x800'19fd   0x22  Code  Gb  system_SM.o [2]
SysTick_Handler          0x800'3b9d    0x4  Code  Gb  stm32l4xx_it.o [2]
SystemClock_Config       0x800'10e5   0x90  Code  Gb  main.o [2]
SystemCoreClock         0x2000'000c    0x4  Data  Gb  system_stm32l4xx.o [4]
SystemInit               0x800'3d15    0xc  Code  Gb  system_stm32l4xx.o [4]
System_Init              0x800'1175   0x2e  Code  Gb  main.o [2]
UART_AdvFeatureConfig    0x800'2c19   0xc6  Code  Gb  stm32l4xx_hal_uart.o [5]
UART_CheckIdleState      0x800'2cdf   0x5e  Code  Gb  stm32l4xx_hal_uart.o [5]
UART_SetConfig           0x800'29e1  0x20e  Code  Gb  stm32l4xx_hal_uart.o [5]
UART_WaitOnFlagUntilTimeout
                         0x800'2d3d   0x7a  Code  Gb  stm32l4xx_hal_uart.o [5]
USB_CoreInit             0x800'36d9   0x60  Code  Gb  stm32l4xx_ll_usb.o [5]
USB_DevDisconnect        0x800'3985   0x16  Code  Gb  stm32l4xx_ll_usb.o [5]
USB_DevInit              0x800'379d  0x152  Code  Gb  stm32l4xx_ll_usb.o [5]
USB_DisableGlobalInt     0x800'3739    0x6  Code  Gb  stm32l4xx_ll_usb.o [5]
USB_FlushRxFifo          0x800'3933   0x42  Code  Gb  stm32l4xx_ll_usb.o [5]
USB_FlushTxFifo          0x800'38ef   0x44  Code  Gb  stm32l4xx_ll_usb.o [5]
USB_SetCurrentMode       0x800'3745   0x58  Code  Gb  stm32l4xx_ll_usb.o [5]
USB_SetDevSpeed          0x800'3975    0xa  Code  Gb  stm32l4xx_ll_usb.o [5]
UsageFault_Handler       0x800'3b95    0x2  Code  Gb  stm32l4xx_it.o [2]
__NVIC_SetPriority       0x800'095d   0x1a  Code  Lc  stm32l4xx_hal_cortex.o [5]
__aeabi_d2f              0x800'2ecd         Code  Gb  DblToFlt.o [7]
__aeabi_dadd             0x800'3371         Code  Gb  DblAddSub.o [7]
__aeabi_ddiv             0x800'2f7d         Code  Gb  DblDiv.o [7]
__aeabi_dmul             0x800'31c5         Code  Gb  DblMul.o [7]
__aeabi_dsub             0x800'34ed         Code  Gb  DblAddSub.o [7]
__aeabi_f2d              0x800'2f35         Code  Gb  FltToDbl.o [7]
__aeabi_ldiv0            0x800'39e9         Code  Gb  I64DivZer.o [8]
__cmain                  0x800'3d35         Code  Gb  cmain.o [8]
__exit                   0x800'3d69   0x14  Code  Gb  exit.o [9]
__iar_copy_init3         0x800'123f   0x2a  Code  Gb  copy_init3.o [8]
__iar_data_init3         0x800'3c81   0x28  Code  Gb  data_init.o [8]
__iar_init_vfp           0x800'3ccd         Code  Gb  fpinit_M.o [7]
__iar_program_start      0x800'3d7d         Code  Gb  cstartup_M.o [8]
__iar_small_Memcpy       0x800'39d5         Code  Gb  ABImemcpy_small.o [8]
__iar_small_Memset       0x800'227d         Code  Gb  ABImemset_small.o [8]
__iar_small_Memset_word
                         0x800'227d         Code  Gb  ABImemset_small.o [8]
__iar_small_memcpy       0x800'39d1         Code  Gb  ABImemcpy_small.o [8]
__iar_small_memcpy4      0x800'39d1         Code  Gb  ABImemcpy_small.o [8]
__iar_small_memcpy8      0x800'39d1         Code  Gb  ABImemcpy_small.o [8]
__iar_small_memset       0x800'227d         Code  Gb  ABImemset_small.o [8]
__iar_small_strlen       0x800'2eb9         Code  Gb  strlen_small.o [8]
__iar_small_uldivmod     0x800'35d1         Code  Gb  I64DivMod_small.o [8]
__iar_zero_init3         0x800'3c19   0x38  Code  Gb  zero_init3.o [8]
__low_level_init         0x800'3d53    0x4  Code  Gb  low_level_init.o [6]
__vector_table           0x800'0000         Data  Gb  startup_stm32l475xx.o [1]
_call_main               0x800'3d41         Code  Gb  cmain.o [8]
_exit                    0x800'3d5d         Code  Gb  cexit.o [8]
a_dfsdm1ChannelHandle   0x2000'075c   0x20  Data  Lc  stm32l4xx_hal_dfsdm.o [5]
eNewEvent               0x2000'077c    0x1  Data  Gb  system_SM.o [2]
executeStateMachine      0x800'1a35   0x1c  Code  Gb  system_SM.o [2]
exit                     0x800'3d57    0x4  Code  Gb  exit.o [6]
hdfsdm1_channel1        0x2000'0720   0x38  Data  Gb  dfsdm.o [2]
hi2c2                   0x2000'0688   0x54  Data  Gb  i2c.o [2]
hpcd_USB_OTG_FS         0x2000'0010  0x50c  Data  Gb  usb_otg.o [2]
hqspi                   0x2000'06dc   0x44  Data  Gb  quadspi.o [2]
hspi3                   0x2000'0624   0x64  Data  Gb  spi.o [2]
huart1                  0x2000'051c   0x84  Data  Gb  usart.o [2]
huart3                  0x2000'05a0   0x84  Data  Gb  usart.o [2]
main                     0x800'10d5   0x10  Code  Gb  main.o [2]
memset                   0x800'122b   0x14  Code  Gb  memset.o [8]
uwTick                  0x2000'0004    0x4  Data  Gb  stm32l4xx_hal.o [5]
uwTickFreq              0x2000'0000    0x1  Data  Gb  stm32l4xx_hal.o [5]
uwTickPrio              0x2000'0008    0x4  Data  Gb  stm32l4xx_hal.o [5]
v_dfsdm1ChannelCounter  0x2000'0758    0x4  Data  Lc  stm32l4xx_hal_dfsdm.o [5]
wd                      0x2000'0780   0x1c  Data  Gb  system_SM.o [2]


[1] = C:\Users\cstaeger\Repos\MES\PilotWeatherStation\EWARM\PilotWeatherStation\Obj\Application\EWARM
[2] = C:\Users\cstaeger\Repos\MES\PilotWeatherStation\EWARM\PilotWeatherStation\Obj\Application\User\Core
[3] = C:\Users\cstaeger\Repos\MES\PilotWeatherStation\EWARM\PilotWeatherStation\Obj\Drivers
[4] = C:\Users\cstaeger\Repos\MES\PilotWeatherStation\EWARM\PilotWeatherStation\Obj\Drivers\CMSIS
[5] = C:\Users\cstaeger\Repos\MES\PilotWeatherStation\EWARM\PilotWeatherStation\Obj\Drivers\STM32L4xx_HAL_Driver
[6] = dl7M_tlf.a
[7] = m7M_tls.a
[8] = rt7M_tl.a
[9] = shb_l.a

  15'556 bytes of readonly  code memory
     564 bytes of readonly  data memory
   2'976 bytes of readwrite data memory

Errors: none
Warnings: none
